../SynaptiX/apps/mqtt_server/mqtt_interface.c:282:13:mqtt_incoming_publish_cb	0	static
../SynaptiX/apps/mqtt_server/mqtt_interface.c:264:13:mqtt_sub_request_cb	16	static
../SynaptiX/apps/mqtt_server/mqtt_interface.c:318:13:mqtt_pub_request_cb	16	static
../SynaptiX/apps/mqtt_server/mqtt_interface.c:35:13:dns_found_cb	24	static
../SynaptiX/apps/mqtt_server/mqtt_interface.c:353:13:mqtt_subscribe_handle	24	static
../SynaptiX/apps/mqtt_server/mqtt_interface.c:299:13:mqtt_incoming_data_cb	8	static
../SynaptiX/apps/mqtt_server/mqtt_interface.c:176:14:mqtt_do_connect	56	static
../SynaptiX/apps/mqtt_server/mqtt_interface.c:63:13:MQTTClientProcess	40	static
../SynaptiX/apps/mqtt_server/mqtt_interface.c:381:13:mqtt_reconnect_task	8	static
../SynaptiX/apps/mqtt_server/mqtt_interface.c:210:13:mqtt_connection_cb	24	static
../SynaptiX/apps/mqtt_server/mqtt_interface.c:42:6:mqtt_interface_init	24	static
