../SynaptiX/board/dp83848/dp83848.c:60:10:DP83848_RegisterBusIO	0	static
../SynaptiX/board/dp83848/dp83848.c:83:10:DP83848_Init	32	static
../SynaptiX/board/dp83848/dp83848.c:138:9:DP83848_DeInit	8	static
../SynaptiX/board/dp83848/dp83848.c:163:9:DP83848_DisablePowerDownMode	16	static
../SynaptiX/board/dp83848/dp83848.c:193:9:DP83848_EnablePowerDownMode	16	static
../SynaptiX/board/dp83848/dp83848.c:223:9:DP83848_StartAutoNego	16	static
../SynaptiX/board/dp83848/dp83848.c:259:9:DP83848_GetLinkState	16	static
../SynaptiX/board/dp83848/dp83848.c:351:9:DP83848_SetLinkState	24	static
../SynaptiX/board/dp83848/dp83848.c:403:9:DP83848_EnableLoopbackMode	16	static
../SynaptiX/board/dp83848/dp83848.c:433:9:DP83848_DisableLoopbackMode	16	static
../SynaptiX/board/dp83848/dp83848.c:473:9:DP83848_EnableIT	24	static
../SynaptiX/board/dp83848/dp83848.c:513:9:DP83848_DisableIT	24	static
../SynaptiX/board/dp83848/dp83848.c:552:10:DP83848_ClearIT	16	static
../SynaptiX/board/dp83848/dp83848.c:582:9:DP83848_GetITStatus	16	static
