../Middlewares/Third_Party/LwIP/src/netif/ppp/fsm.c:706:13:fsm_sconfreq	24	static
../Middlewares/Third_Party/LwIP/src/netif/ppp/fsm.c:611:13:fsm_rtermack	8	static
../Middlewares/Third_Party/LwIP/src/netif/ppp/fsm.c:645:13:fsm_rcoderej	8	static
../Middlewares/Third_Party/LwIP/src/netif/ppp/fsm.c:78:6:fsm_init	0	static
../Middlewares/Third_Party/LwIP/src/netif/ppp/fsm.c:91:6:fsm_lowerup	8	static
../Middlewares/Third_Party/LwIP/src/netif/ppp/fsm.c:119:6:fsm_lowerdown	8	static
../Middlewares/Third_Party/LwIP/src/netif/ppp/fsm.c:160:6:fsm_open	8	static
../Middlewares/Third_Party/LwIP/src/netif/ppp/fsm.c:770:6:fsm_sdata	48	static
../Middlewares/Third_Party/LwIP/src/netif/ppp/fsm.c:266:13:fsm_timeout	24	static
../Middlewares/Third_Party/LwIP/src/netif/ppp/fsm.c:200:13:terminate_layer	32	static
../Middlewares/Third_Party/LwIP/src/netif/ppp/fsm.c:237:6:fsm_close	8	static
../Middlewares/Third_Party/LwIP/src/netif/ppp/fsm.c:666:6:fsm_protreject	8	static
../Middlewares/Third_Party/LwIP/src/netif/ppp/fsm.c:392:13:fsm_rconfreq	40	static
../Middlewares/Third_Party/LwIP/src/netif/ppp/fsm.c:459:13:fsm_rconfack	32	static
../Middlewares/Third_Party/LwIP/src/netif/ppp/fsm.c:515:13:fsm_rconfnakrej	32	static
../Middlewares/Third_Party/LwIP/src/netif/ppp/fsm.c:580:13:fsm_rtermreq	32	static
../Middlewares/Third_Party/LwIP/src/netif/ppp/fsm.c:318:6:fsm_input	32	static
