../Middlewares/Third_Party/LwIP/src/netif/ppp/ipcp.c:746:12:ipcp_cilen	0	static
../Middlewares/Third_Party/LwIP/src/netif/ppp/ipcp.c:664:13:ipcp_close	8	static
../Middlewares/Third_Party/LwIP/src/netif/ppp/ipcp.c:654:13:ipcp_open	8	static
../Middlewares/Third_Party/LwIP/src/netif/ppp/ipcp.c:682:13:ipcp_lowerdown	8	static
../Middlewares/Third_Party/LwIP/src/netif/ppp/ipcp.c:702:13:ipcp_protrej	8	static
../Middlewares/Third_Party/LwIP/src/netif/ppp/ipcp.c:673:13:ipcp_lowerup	8	static
../Middlewares/Third_Party/LwIP/src/netif/ppp/ipcp.c:691:13:ipcp_input	8	static
../Middlewares/Third_Party/LwIP/src/netif/ppp/ipcp.c:592:13:ipcp_init	8	static
../Middlewares/Third_Party/LwIP/src/netif/ppp/ipcp.c:2209:13:ipcp_finished	8	static
../Middlewares/Third_Party/LwIP/src/netif/ppp/ipcp.c:2179:13:ipcp_clear_addrs	8	static
../Middlewares/Third_Party/LwIP/src/netif/ppp/ipcp.c:2118:13:ipcp_down	16	static
../Middlewares/Third_Party/LwIP/src/netif/ppp/ipcp.c:1341:12:ipcp_rejci	48	static
../Middlewares/Third_Party/LwIP/src/netif/ppp/ipcp.c:921:12:ipcp_ackci	24	static
../Middlewares/Third_Party/LwIP/src/netif/ppp/ipcp.c:806:13:ipcp_addci	24	static
../Middlewares/Third_Party/LwIP/src/netif/ppp/ipcp.c:1885:13:ipcp_up	16	static
../Middlewares/Third_Party/LwIP/src/netif/ppp/ipcp.c:1076:12:ipcp_nakci	80	static
../Middlewares/Third_Party/LwIP/src/netif/ppp/ipcp.c:712:13:ipcp_resetci	8	static
../Middlewares/Third_Party/LwIP/src/netif/ppp/ipcp.c:1506:12:ipcp_reqci	64	static
