../Middlewares/Third_Party/LwIP/src/netif/ppp/lcp.c:770:12:lcp_cilen	0	static
../Middlewares/Third_Party/LwIP/src/netif/ppp/lcp.c:947:12:lcp_ackci	8	static
../Middlewares/Third_Party/LwIP/src/netif/ppp/lcp.c:1589:12:lcp_rejci	64	static
../Middlewares/Third_Party/LwIP/src/netif/ppp/lcp.c:834:13:lcp_addci	8	static
../Middlewares/Third_Party/LwIP/src/netif/ppp/lcp.c:620:13:lcp_protrej	8	static
../Middlewares/Third_Party/LwIP/src/netif/ppp/lcp.c:2781:13:lcp_echo_lowerdown	8	static
../Middlewares/Third_Party/LwIP/src/netif/ppp/lcp.c:496:13:lcp_delayed_up	8	static
../Middlewares/Third_Party/LwIP/src/netif/ppp/lcp.c:509:13:lcp_input	16	static
../Middlewares/Third_Party/LwIP/src/netif/ppp/lcp.c:363:13:lcp_init	24	static
../Middlewares/Third_Party/LwIP/src/netif/ppp/lcp.c:562:13:lcp_rprotrej	16	static
../Middlewares/Third_Party/LwIP/src/netif/ppp/lcp.c:2686:13:lcp_received_echo_reply	8	static
../Middlewares/Third_Party/LwIP/src/netif/ppp/lcp.c:523:12:lcp_extcode	16	static
../Middlewares/Third_Party/LwIP/src/netif/ppp/lcp.c:2367:13:lcp_finished	8	static
../Middlewares/Third_Party/LwIP/src/netif/ppp/lcp.c:2358:13:lcp_starting	8	static
../Middlewares/Third_Party/LwIP/src/netif/ppp/lcp.c:2339:13:lcp_down	16	static
../Middlewares/Third_Party/LwIP/src/netif/ppp/lcp.c:457:6:lcp_lowerup	24	static
../Middlewares/Third_Party/LwIP/src/netif/ppp/lcp.c:651:13:lcp_resetci	16	static
../Middlewares/Third_Party/LwIP/src/netif/ppp/lcp.c:1820:12:lcp_reqci	64	static
../Middlewares/Third_Party/LwIP/src/netif/ppp/lcp.c:406:6:lcp_open	8	static
../Middlewares/Third_Party/LwIP/src/netif/ppp/lcp.c:422:6:lcp_close	24	static
../Middlewares/Third_Party/LwIP/src/netif/ppp/lcp.c:2639:13:LcpLinkFailure	8	static
../Middlewares/Third_Party/LwIP/src/netif/ppp/lcp.c:2712:13:LcpSendEchoRequest	32	static
../Middlewares/Third_Party/LwIP/src/netif/ppp/lcp.c:2653:13:LcpEchoCheck	16	static
../Middlewares/Third_Party/LwIP/src/netif/ppp/lcp.c:2673:13:LcpEchoTimeout	8	static
../Middlewares/Third_Party/LwIP/src/netif/ppp/lcp.c:2764:13:lcp_echo_lowerup	8	static
../Middlewares/Third_Party/LwIP/src/netif/ppp/lcp.c:2290:13:lcp_up	32	static
../Middlewares/Third_Party/LwIP/src/netif/ppp/lcp.c:1127:12:lcp_nakci	112	static
../Middlewares/Third_Party/LwIP/src/netif/ppp/lcp.c:482:6:lcp_lowerdown	8	static
../Middlewares/Third_Party/LwIP/src/netif/ppp/lcp.c:632:6:lcp_sprotrej	16	static
