../Middlewares/Third_Party/LwIP/src/netif/ppp/ppp.c:254:6:ppp_set_notify_phase_callback	16	static
../Middlewares/Third_Party/LwIP/src/netif/ppp/ppp.c:271:7:ppp_connect	16	static
../Middlewares/Third_Party/LwIP/src/netif/ppp/ppp.c:331:1:ppp_close	16	static
../Middlewares/Third_Party/LwIP/src/netif/ppp/ppp.c:393:7:ppp_free	24	static
../Middlewares/Third_Party/LwIP/src/netif/ppp/ppp.c:413:1:ppp_ioctl	24	static
../Middlewares/Third_Party/LwIP/src/netif/ppp/ppp.c:455:13:ppp_do_connect	24	static
../Middlewares/Third_Party/LwIP/src/netif/ppp/ppp.c:467:14:ppp_netif_init_cb	16	static
../Middlewares/Third_Party/LwIP/src/netif/ppp/ppp.c:488:14:ppp_netif_output_ip4	24	static
../Middlewares/Third_Party/LwIP/src/netif/ppp/ppp.c:504:14:ppp_netif_output	48	static
../Middlewares/Third_Party/LwIP/src/netif/ppp/ppp.c:611:5:ppp_init	8	static
../Middlewares/Third_Party/LwIP/src/netif/ppp/ppp.c:646:10:ppp_new	56	static
../Middlewares/Third_Party/LwIP/src/netif/ppp/ppp.c:728:6:ppp_start	16	static
../Middlewares/Third_Party/LwIP/src/netif/ppp/ppp.c:752:6:ppp_link_failed	16	static
../Middlewares/Third_Party/LwIP/src/netif/ppp/ppp.c:760:6:ppp_link_end	16	static
../Middlewares/Third_Party/LwIP/src/netif/ppp/ppp.c:773:6:ppp_input	32	static
../Middlewares/Third_Party/LwIP/src/netif/ppp/ppp.c:989:7:ppp_write	16	static
../Middlewares/Third_Party/LwIP/src/netif/ppp/ppp.c:996:6:ppp_link_terminated	16	static
../Middlewares/Third_Party/LwIP/src/netif/ppp/ppp.c:1011:6:new_phase	16	static
../Middlewares/Third_Party/LwIP/src/netif/ppp/ppp.c:1025:5:ppp_send_config	40	static
../Middlewares/Third_Party/LwIP/src/netif/ppp/ppp.c:1041:5:ppp_recv_config	40	static
../Middlewares/Third_Party/LwIP/src/netif/ppp/ppp.c:1056:5:sifaddr	40	static
../Middlewares/Third_Party/LwIP/src/netif/ppp/ppp.c:1071:5:cifaddr	24	static
../Middlewares/Third_Party/LwIP/src/netif/ppp/ppp.c:1107:5:sdns	32	static
../Middlewares/Third_Party/LwIP/src/netif/ppp/ppp.c:1122:5:cdns	32	static
../Middlewares/Third_Party/LwIP/src/netif/ppp/ppp.c:1146:5:sifvjcomp	24	static
../Middlewares/Third_Party/LwIP/src/netif/ppp/ppp.c:1159:5:sifup	16	static
../Middlewares/Third_Party/LwIP/src/netif/ppp/ppp.c:1174:5:sifdown	16	static
../Middlewares/Third_Party/LwIP/src/netif/ppp/ppp.c:1200:7:get_mask	16	static
../Middlewares/Third_Party/LwIP/src/netif/ppp/ppp.c:1315:6:netif_set_mtu	16	static
../Middlewares/Third_Party/LwIP/src/netif/ppp/ppp.c:1324:5:netif_get_mtu	16	static
