../Middlewares/Third_Party/LwIP/src/netif/ppp/pppoe.c:323:28:pppoe_find_softc_by_session	0	static
../Middlewares/Third_Party/LwIP/src/netif/ppp/pppoe.c:721:1:pppoe_output	88	static
../Middlewares/Third_Party/LwIP/src/netif/ppp/pppoe.c:1138:1:pppoe_xmit	16	static
../Middlewares/Third_Party/LwIP/src/netif/ppp/pppoe.c:245:14:pppoe_netif_output	24	static
../Middlewares/Third_Party/LwIP/src/netif/ppp/pppoe.c:755:1:pppoe_send_padi	16	static
../Middlewares/Third_Party/LwIP/src/netif/ppp/pppoe.c:980:1:pppoe_send_padr	16	static
../Middlewares/Third_Party/LwIP/src/netif/ppp/pppoe.c:1034:1:pppoe_send_padt	24	static
../Middlewares/Third_Party/LwIP/src/netif/ppp/pppoe.c:338:28:pppoe_find_softc_by_hunique	32	static
../Middlewares/Third_Party/LwIP/src/netif/ppp/pppoe.c:203:14:pppoe_write	16	static
../Middlewares/Third_Party/LwIP/src/netif/ppp/pppoe.c:288:1:pppoe_destroy	8	static
../Middlewares/Third_Party/LwIP/src/netif/ppp/pppoe.c:888:1:pppoe_connect	24	static
../Middlewares/Third_Party/LwIP/src/netif/ppp/pppoe.c:971:1:pppoe_abort_connect	8	static
../Middlewares/Third_Party/LwIP/src/netif/ppp/pppoe.c:817:1:pppoe_timeout	24	static
../Middlewares/Third_Party/LwIP/src/netif/ppp/pppoe.c:946:1:pppoe_disconnect	16	static
../Middlewares/Third_Party/LwIP/src/netif/ppp/pppoe.c:171:10:pppoe_create	24	static
../Middlewares/Third_Party/LwIP/src/netif/ppp/pppoe.c:373:1:pppoe_disc_input	136	static
../Middlewares/Third_Party/LwIP/src/netif/ppp/pppoe.c:652:1:pppoe_data_input	32	static
