../SynaptiX/board/nanomodbus/nanomodbus.c:45:16:get_1	24	static
../SynaptiX/board/nanomodbus/nanomodbus.c:52:13:put_1	16	static
../SynaptiX/board/nanomodbus/nanomodbus.c:58:13:discard_1	16	static
../SynaptiX/board/nanomodbus/nanomodbus.c:65:13:discard_n	16	static
../SynaptiX/board/nanomodbus/nanomodbus.c:72:17:get_2	24	static
../SynaptiX/board/nanomodbus/nanomodbus.c:80:13:put_2	16	static
../SynaptiX/board/nanomodbus/nanomodbus.c:89:13:set_1	16	static
../SynaptiX/board/nanomodbus/nanomodbus.c:94:13:set_2	16	static
../SynaptiX/board/nanomodbus/nanomodbus.c:102:17:get_n	24	static
../SynaptiX/board/nanomodbus/nanomodbus.c:111:13:put_n	24	static
../SynaptiX/board/nanomodbus/nanomodbus.c:119:18:get_regs	24	static
../SynaptiX/board/nanomodbus/nanomodbus.c:132:13:put_regs	32	static
../SynaptiX/board/nanomodbus/nanomodbus.c:142:13:swap_regs	16	static
../SynaptiX/board/nanomodbus/nanomodbus.c:149:19:recv	32	static
../SynaptiX/board/nanomodbus/nanomodbus.c:171:19:send	32	static
../SynaptiX/board/nanomodbus/nanomodbus.c:188:13:flush	24	static
../SynaptiX/board/nanomodbus/nanomodbus.c:193:13:msg_buf_reset	16	static
../SynaptiX/board/nanomodbus/nanomodbus.c:198:13:msg_state_reset	16	static
../SynaptiX/board/nanomodbus/nanomodbus.c:210:13:msg_state_req	16	static
../SynaptiX/board/nanomodbus/nanomodbus.c:229:12:nmbs_create	24	static
../SynaptiX/board/nanomodbus/nanomodbus.c:253:6:nmbs_set_read_timeout	16	static
../SynaptiX/board/nanomodbus/nanomodbus.c:258:6:nmbs_set_byte_timeout	16	static
../SynaptiX/board/nanomodbus/nanomodbus.c:263:6:nmbs_platform_conf_create	16	static
../SynaptiX/board/nanomodbus/nanomodbus.c:271:6:nmbs_set_destination_rtu_address	16	static
../SynaptiX/board/nanomodbus/nanomodbus.c:276:6:nmbs_set_platform_arg	16	static
../SynaptiX/board/nanomodbus/nanomodbus.c:281:10:nmbs_crc_calc	40	static
../SynaptiX/board/nanomodbus/nanomodbus.c:300:19:recv_msg_footer	24	static
../SynaptiX/board/nanomodbus/nanomodbus.c:320:19:recv_msg_header	32	static
../SynaptiX/board/nanomodbus/nanomodbus.c:391:13:put_msg_header	16	static
../SynaptiX/board/nanomodbus/nanomodbus.c:410:13:set_msg_header_size	16	static
../SynaptiX/board/nanomodbus/nanomodbus.c:420:19:send_msg	24	static
../SynaptiX/board/nanomodbus/nanomodbus.c:435:19:recv_req_header	24	static
../SynaptiX/board/nanomodbus/nanomodbus.c:454:13:put_res_header	16	static
../SynaptiX/board/nanomodbus/nanomodbus.c:460:19:send_exception_msg	16	static
../SynaptiX/board/nanomodbus/nanomodbus.c:472:19:recv_res_header	24	static
../SynaptiX/board/nanomodbus/nanomodbus.c:519:13:put_req_header	16	static
../SynaptiX/board/nanomodbus/nanomodbus.c:540:19:recv_read_discrete_res	24	static
../SynaptiX/board/nanomodbus/nanomodbus.c:580:19:recv_read_registers_res	32	static
../SynaptiX/board/nanomodbus/nanomodbus.c:619:12:recv_write_single_coil_res	24	static
../SynaptiX/board/nanomodbus/nanomodbus.c:647:12:recv_write_single_register_res	24	static
../SynaptiX/board/nanomodbus/nanomodbus.c:674:12:recv_write_multiple_coils_res	24	static
../SynaptiX/board/nanomodbus/nanomodbus.c:701:12:recv_write_multiple_registers_res	24	static
../SynaptiX/board/nanomodbus/nanomodbus.c:728:12:recv_read_file_record_res	32	static
../SynaptiX/board/nanomodbus/nanomodbus.c:769:12:recv_write_file_record_res	40	static
../SynaptiX/board/nanomodbus/nanomodbus.c:821:12:recv_read_device_identification_res	48	static
../SynaptiX/board/nanomodbus/nanomodbus.c:903:19:handle_read_discrete	56	static
../SynaptiX/board/nanomodbus/nanomodbus.c:968:19:handle_read_registers	304	static
../SynaptiX/board/nanomodbus/nanomodbus.c:1034:19:handle_read_coils	16	static
../SynaptiX/board/nanomodbus/nanomodbus.c:1041:19:handle_read_discrete_inputs	16	static
../SynaptiX/board/nanomodbus/nanomodbus.c:1048:19:handle_read_holding_registers	16	static
../SynaptiX/board/nanomodbus/nanomodbus.c:1055:19:handle_read_input_registers	16	static
../SynaptiX/board/nanomodbus/nanomodbus.c:1062:19:handle_write_single_coil	32	static
../SynaptiX/board/nanomodbus/nanomodbus.c:1116:19:handle_write_single_register	32	static
../SynaptiX/board/nanomodbus/nanomodbus.c:1166:19:handle_write_multiple_coils	48	static
../SynaptiX/board/nanomodbus/nanomodbus.c:1243:19:handle_write_multiple_registers	296	static
../SynaptiX/board/nanomodbus/nanomodbus.c:1319:19:handle_read_file_record	72	dynamic
../SynaptiX/board/nanomodbus/nanomodbus.c:1429:19:handle_write_file_record	56	static
../SynaptiX/board/nanomodbus/nanomodbus.c:1537:19:handle_read_write_registers	104	dynamic
../SynaptiX/board/nanomodbus/nanomodbus.c:1643:19:handle_read_device_identification	216	static
../SynaptiX/board/nanomodbus/nanomodbus.c:1806:19:handle_req_fc	24	static
../SynaptiX/board/nanomodbus/nanomodbus.c:1892:6:nmbs_callbacks_create	16	static
../SynaptiX/board/nanomodbus/nanomodbus.c:1898:12:nmbs_server_create	40	static
../SynaptiX/board/nanomodbus/nanomodbus.c:1917:12:nmbs_server_poll	24	static
../SynaptiX/board/nanomodbus/nanomodbus.c:1951:6:nmbs_set_callbacks_arg	16	static
../SynaptiX/board/nanomodbus/nanomodbus.c:1958:12:nmbs_client_create	16	static
../SynaptiX/board/nanomodbus/nanomodbus.c:1963:19:read_discrete	32	static
../SynaptiX/board/nanomodbus/nanomodbus.c:1986:12:nmbs_read_coils	32	static
../SynaptiX/board/nanomodbus/nanomodbus.c:1991:12:nmbs_read_discrete_inputs	32	static
../SynaptiX/board/nanomodbus/nanomodbus.c:1995:19:read_registers	32	static
../SynaptiX/board/nanomodbus/nanomodbus.c:2018:12:nmbs_read_holding_registers	32	static
../SynaptiX/board/nanomodbus/nanomodbus.c:2023:12:nmbs_read_input_registers	32	static
../SynaptiX/board/nanomodbus/nanomodbus.c:2028:12:nmbs_write_single_coil	24	static
../SynaptiX/board/nanomodbus/nanomodbus.c:2050:12:nmbs_write_single_register	24	static
../SynaptiX/board/nanomodbus/nanomodbus.c:2070:12:nmbs_write_multiple_coils	32	static
../SynaptiX/board/nanomodbus/nanomodbus.c:2104:12:nmbs_write_multiple_registers	32	static
../SynaptiX/board/nanomodbus/nanomodbus.c:2138:12:nmbs_read_file_record	32	static
../SynaptiX/board/nanomodbus/nanomodbus.c:2168:12:nmbs_write_file_record	40	static
../SynaptiX/board/nanomodbus/nanomodbus.c:2203:12:nmbs_read_write_registers	32	static
../SynaptiX/board/nanomodbus/nanomodbus.c:2250:12:nmbs_read_device_identification_basic	64	static
../SynaptiX/board/nanomodbus/nanomodbus.c:2286:12:nmbs_read_device_identification_regular	72	static
../SynaptiX/board/nanomodbus/nanomodbus.c:2322:12:nmbs_read_device_identification_extended	56	static
../SynaptiX/board/nanomodbus/nanomodbus.c:2358:12:nmbs_read_device_identification	48	static
../SynaptiX/board/nanomodbus/nanomodbus.c:2377:12:nmbs_send_raw_pdu	32	static
../SynaptiX/board/nanomodbus/nanomodbus.c:2391:12:nmbs_receive_raw_pdu_response	40	static
../SynaptiX/board/nanomodbus/nanomodbus.c:2419:13:nmbs_strerror	16	static
