../SynaptiX/services/cJSON/cJSON_Utils.c:157:15:pointer_encoded_length	0	static
../SynaptiX/services/cJSON/cJSON_Utils.c:173:13:encode_string_as_pointer	4	static
../SynaptiX/services/cJSON/cJSON_Utils.c:274:19:decode_array_index_from_pointer	0	static
../SynaptiX/services/cJSON/cJSON_Utils.c:359:13:decode_pointer_inplace	0	static
../SynaptiX/services/cJSON/cJSON_Utils.c:301:15:get_item_from_pointer	32	static
../SynaptiX/services/cJSON/cJSON_Utils.c:66:23:cJSONUtils_strdup	16	static
../SynaptiX/services/cJSON/cJSON_Utils.c:784:13:overwrite_item	16	static
../SynaptiX/services/cJSON/cJSON_Utils.c:83:12:compare_strings	16	static
../SynaptiX/services/cJSON/cJSON_Utils.c:484:15:sort_list	24	static
../SynaptiX/services/cJSON/cJSON_Utils.c:595:13:sort_object	8	static
../SynaptiX/services/cJSON/cJSON_Utils.c:604:19:compare_json	24	static
../SynaptiX/services/cJSON/cJSON_Utils.c:430:15:detach_path	32	static
../SynaptiX/services/cJSON/cJSON_Utils.c:730:15:get_object_item	8	static
../SynaptiX/services/cJSON/cJSON_Utils.c:807:12:apply_patch	72	static
../SynaptiX/services/cJSON/cJSON_Utils.c:1096:13:compose_patch	32	static
../SynaptiX/services/cJSON/cJSON_Utils.c:1321:15:merge_patch	24	static
../SynaptiX/services/cJSON/cJSON_Utils.c:1141:13:create_patches	56	static
../SynaptiX/services/cJSON/cJSON_Utils.c:198:22:cJSONUtils_FindPointerFromObjectTo	24	static
../SynaptiX/services/cJSON/cJSON_Utils.c:348:23:cJSONUtils_GetPointer	8	static
../SynaptiX/services/cJSON/cJSON_Utils.c:353:23:cJSONUtils_GetPointerCaseSensitive	8	static
../SynaptiX/services/cJSON/cJSON_Utils.c:1038:19:cJSONUtils_ApplyPatches	16	static
../SynaptiX/services/cJSON/cJSON_Utils.c:1067:19:cJSONUtils_ApplyPatchesCaseSensitive	16	static
../SynaptiX/services/cJSON/cJSON_Utils.c:1136:20:cJSONUtils_AddPatchToArray	16	static
../SynaptiX/services/cJSON/cJSON_Utils.c:1281:23:cJSONUtils_GeneratePatches	24	static
../SynaptiX/services/cJSON/cJSON_Utils.c:1296:23:cJSONUtils_GeneratePatchesCaseSensitive	24	static
../SynaptiX/services/cJSON/cJSON_Utils.c:1311:20:cJSONUtils_SortObject	8	static
../SynaptiX/services/cJSON/cJSON_Utils.c:1316:20:cJSONUtils_SortObjectCaseSensitive	8	static
../SynaptiX/services/cJSON/cJSON_Utils.c:1381:23:cJSONUtils_MergePatch	8	static
../SynaptiX/services/cJSON/cJSON_Utils.c:1386:23:cJSONUtils_MergePatchCaseSensitive	8	static
../SynaptiX/services/cJSON/cJSON_Utils.c:1473:23:cJSONUtils_GenerateMergePatch	8	static
../SynaptiX/services/cJSON/cJSON_Utils.c:1391:15:generate_merge_patch	32	static
../SynaptiX/services/cJSON/cJSON_Utils.c:1478:23:cJSONUtils_GenerateMergePatchCaseSensitive	8	static
