../SynaptiX/board/ModbusSlave/modbus/rtu/mbrtu.c:79:1:eMBRTUInit	24	static
../SynaptiX/board/ModbusSlave/modbus/rtu/mbrtu.c:133:1:eMBRTUStart	8	static
../SynaptiX/board/ModbusSlave/modbus/rtu/mbrtu.c:150:1:eMBRTUStop	8	static
../SynaptiX/board/ModbusSlave/modbus/rtu/mbrtu.c:159:1:eMBRTUReceive	24	static
../SynaptiX/board/ModbusSlave/modbus/rtu/mbrtu.c:195:1:eMBRTUSend	16	static
../SynaptiX/board/ModbusSlave/modbus/rtu/mbrtu.c:235:1:xMBRTUReceiveFSM	24	static
../SynaptiX/board/ModbusSlave/modbus/rtu/mbrtu.c:295:1:xMBRTUTransmitFSM	16	static
../SynaptiX/board/ModbusSlave/modbus/rtu/mbrtu.c:339:1:xMBRTUTimerT35Expired	16	static
