../SynaptiX/board/ModbusSlave/modbus/rtu/mbrtu.c:78:1:eMBRTUInit	24	static
../SynaptiX/board/ModbusSlave/modbus/rtu/mbrtu.c:130:1:eMBRTUStart	8	static
../SynaptiX/board/ModbusSlave/modbus/rtu/mbrtu.c:147:1:eMBRTUStop	8	static
../SynaptiX/board/ModbusSlave/modbus/rtu/mbrtu.c:156:1:eMBRTUReceive	24	static
../SynaptiX/board/ModbusSlave/modbus/rtu/mbrtu.c:192:1:eMBRTUSend	16	static
../SynaptiX/board/ModbusSlave/modbus/rtu/mbrtu.c:232:1:xMBRTUReceiveFSM	24	static
../SynaptiX/board/ModbusSlave/modbus/rtu/mbrtu.c:293:1:xMBRTUTransmitFSM	16	static
../SynaptiX/board/ModbusSlave/modbus/rtu/mbrtu.c:334:1:xMBRTUTimerT35Expired	16	static
