../SynaptiX/board/rtc_rx8130ce/rtc_rx8130ce.c:16:16:bcd_to_dec	0	static
../SynaptiX/board/rtc_rx8130ce/rtc_rx8130ce.c:20:16:dec_to_bcd	0	static
../SynaptiX/board/rtc_rx8130ce/rtc_rx8130ce.c:30:12:rx8130ce_write_reg	8	dynamic
../SynaptiX/board/rtc_rx8130ce/rtc_rx8130ce.c:37:12:rx8130ce_write_reg_byte	16	static
../SynaptiX/board/rtc_rx8130ce/rtc_rx8130ce.c:41:12:rx8130ce_read_reg	24	static
../SynaptiX/board/rtc_rx8130ce/rtc_rx8130ce.c:46:5:rx8130ce_stop	8	static
../SynaptiX/board/rtc_rx8130ce/rtc_rx8130ce.c:52:12:rx8130ce_begin	8	static
../SynaptiX/board/rtc_rx8130ce/rtc_rx8130ce.c:24:5:rx8130ce_init	8	static
../SynaptiX/board/rtc_rx8130ce/rtc_rx8130ce.c:117:5:rx8130ce_set_time	16	static
../SynaptiX/board/rtc_rx8130ce/rtc_rx8130ce.c:133:5:rx8130ce_get_time	24	static
../SynaptiX/board/rtc_rx8130ce/rtc_rx8130ce.c:148:5:rx8130ce_sync_to_system	96	static
../SynaptiX/board/rtc_rx8130ce/rtc_rx8130ce.c:167:6:convert_timestamp_to_rtc	56	static
