../SynaptiX/apps/pppos_app.c:207:13:pppos_status_callback	8	static
../SynaptiX/apps/pppos_app.c:326:13:ppp_phase_cb	8	static
../SynaptiX/apps/pppos_app.c:216:13:ppp_link_status_cb	16	static
../SynaptiX/apps/pppos_app.c:199:14:ppp_output_cb	8	static
../SynaptiX/apps/pppos_app.c:389:13:pwr	8	static
../SynaptiX/apps/pppos_app.c:409:13:rst	8	static
../SynaptiX/apps/pppos_app.c:79:6:pppos_start	16	static,ignoring_inline_asm
../SynaptiX/apps/pppos_app.c:95:6:pppos_stop	8	static
../SynaptiX/apps/pppos_app.c:112:6:pppos_app_task	32	static
../SynaptiX/apps/pppos_app.c:193:6:pppos_app_init	16	static
