../SynaptiX/board/board.c:22:10:bsp_com_write	24	static
../SynaptiX/board/board.c:29:10:bsp_com_write_it	24	static
../SynaptiX/board/board.c:48:6:bsp_com_set_tx_callback	24	static
../SynaptiX/board/board.c:66:6:bsp_com_set_rx_callback	24	static
../SynaptiX/board/board.c:74:11:bsp_com_read	32	static
../SynaptiX/board/board.c:88:10:bsp_com_available	16	static
../SynaptiX/board/board.c:96:10:bsp_com_init	16	static
../SynaptiX/board/board.c:109:6:HAL_UART_TxCpltCallback	24	static
../SynaptiX/board/board.c:123:6:HAL_UART_RxCpltCallback	24	static
../SynaptiX/board/board.c:138:6:HAL_UARTEx_RxEventCallback	24	static
../SynaptiX/board/board.c:152:5:__io_putchar	16	static
../SynaptiX/board/board.c:155:5:__io_getchar	16	static
../SynaptiX/board/board.c:175:6:bsp_timer_set_handle	24	static
../SynaptiX/board/board.c:182:6:bsp_timer_start	16	static
../SynaptiX/board/board.c:188:6:bsp_timer_stop	16	static
../SynaptiX/board/board.c:195:6:BSP_TIM_PeriodElapsedCallback	24	static
../SynaptiX/board/board.c:277:13:log_puts	16	static
../SynaptiX/board/board.c:292:10:bsp_iic_bus_init	16	static
../SynaptiX/board/board.c:308:10:bsp_iic_write	32	static
../SynaptiX/board/board.c:315:10:bsp_iic_read	32	static
../SynaptiX/board/board.c:324:6:bsp_init	8	static
