../SynaptiX/board/board.c:22:10:bsp_com_write	8	static
../SynaptiX/board/board.c:276:13:log_puts	8	static
../SynaptiX/board/board.c:29:10:bsp_com_write_it	8	static
../SynaptiX/board/board.c:48:6:bsp_com_set_tx_callback	0	static
../SynaptiX/board/board.c:66:6:bsp_com_set_rx_callback	0	static
../SynaptiX/board/board.c:74:11:bsp_com_read	24	static
../SynaptiX/board/board.c:88:10:bsp_com_available	0	static
../SynaptiX/board/board.c:96:10:bsp_com_init	16	static
../SynaptiX/board/board.c:108:6:HAL_UART_TxCpltCallback	8	static
../SynaptiX/board/board.c:122:6:HAL_UART_RxCpltCallback	16	static
../SynaptiX/board/board.c:137:6:HAL_UARTEx_RxEventCallback	16	static
../SynaptiX/board/board.c:151:5:__io_putchar	16	static
../SynaptiX/board/board.c:154:5:__io_getchar	16	static
../SynaptiX/board/board.c:174:6:bsp_timer_set_handle	0	static
../SynaptiX/board/board.c:181:6:bsp_timer_start	8	static
../SynaptiX/board/board.c:187:6:bsp_timer_stop	8	static
../SynaptiX/board/board.c:194:6:BSP_TIM_PeriodElapsedCallback	8	static
../SynaptiX/board/board.c:291:10:bsp_iic_bus_init	8	static
../SynaptiX/board/board.c:307:10:bsp_iic_write	16	static
../SynaptiX/board/board.c:314:10:bsp_iic_read	16	static
../SynaptiX/board/board.c:321:6:bsp_init	8	static
