../SynaptiX/board/A76xx/A76xx.c:117:6:a76xx_reset	8	static
../SynaptiX/board/A76xx/A76xx.c:125:6:a76xx_power_on	8	static
../SynaptiX/board/A76xx/A76xx.c:133:6:a76xx_power_off	8	static
../SynaptiX/board/A76xx/A76xx.c:141:5:a76xx_echo	48	static
../SynaptiX/board/A76xx/A76xx.c:154:6:a76xx_set_mode	56	static
../SynaptiX/board/A76xx/A76xx.c:183:5:a76xx_get_signal_strength	56	static
../SynaptiX/board/A76xx/A76xx.c:213:7:a76xx_get_imei	56	static
../SynaptiX/board/A76xx/A76xx.c:229:7:a76xx_get_ccid	56	static
../SynaptiX/board/A76xx/A76xx.c:245:7:a76xx_get_operator	56	static
../SynaptiX/board/A76xx/A76xx.c:263:5:a76xx_set_operator	48	static
../SynaptiX/board/A76xx/A76xx.c:276:7:a76xx_get_operator2	96	static
../SynaptiX/board/A76xx/A76xx.c:302:5:a76xx_set_sim_host_swap_level	88	static
../SynaptiX/board/A76xx/A76xx.c:317:5:a76xx_define_PDP_context	120	static
../SynaptiX/board/A76xx/A76xx.c:336:5:a76xx_authen_PDP_context	112	static
../SynaptiX/board/A76xx/A76xx.c:358:5:a76xx_set_active_PDP_context	88	static
../SynaptiX/board/A76xx/A76xx.c:373:5:a76xx_registration_network	48	static
../SynaptiX/board/A76xx/A76xx.c:385:5:a76xx_operation_selection	88	static
../SynaptiX/board/A76xx/A76xx.c:400:5:a76xx_operation_get_mode	48	static
../SynaptiX/board/A76xx/A76xx.c:412:5:a76xx_get_ip_context	48	static
../SynaptiX/board/A76xx/A76xx.c:9:6:a76xx_init	40	static
